devel/grok-build-test host=localhost/6 time=14894.35 size=2623440 ts=1786298699.54 clean=7
devel/grok-build-test,memeic host=localhost/6 time=15095.98 size=2718169 ts=1786735377.27 clean=0
devel/grok-build-test,memeic host=localhost/6 time=16849.17 size=2729413 ts=1786646455.87 clean=7
devel/grok-build-test,memeic host=localhost/6 time=15062.84 size=2733686 ts=1786517743.83 clean=7
devel/grok-build-test host=localhost/6 time=14894.35 size=2623440 ts=1786298699.54 clean=7
devel/grok-build-test,memeic host=localhost/6 time=15095.98 size=2718169 ts=1786735377.27 clean=0
devel/grok-build-test,memeic host=localhost/6 time=16849.17 size=2729413 ts=1786646455.87 clean=7
devel/grok-build-test,memeic host=localhost/6 time=15062.84 size=2733686 ts=1786517743.83 clean=7
devel/grok-build-test host=localhost/6 time=14894.35 size=2623440 ts=1786298699.54 clean=7
devel/grok-build-test,memeic host=localhost/6 time=15095.98 size=2718169 ts=1786735377.27 clean=0
devel/grok-build-test,memeic host=localhost/6 time=16849.17 size=2729413 ts=1786646455.87 clean=7
devel/grok-build-test,memeic host=localhost/6 time=15062.84 size=2733686 ts=1786517743.83 clean=7
devel/grok-build-test host=localhost/6 time=14894.35 size=2623440 ts=1786298699.54 clean=7
devel/grok-build-test,memeic host=localhost/6 time=15095.98 size=2718169 ts=1786735377.27 clean=0
devel/grok-build-test,memeic host=localhost/6 time=16849.17 size=2729413 ts=1786646455.87 clean=7
devel/grok-build-test,memeic host=localhost/6 time=15062.84 size=2733686 ts=1786517743.83 clean=7
devel/grok-build-test host=localhost/6 time=14894.35 size=2623440 ts=1786298699.54 clean=7
devel/grok-build-test,memeic host=localhost/6 time=15095.98 size=2718169 ts=1786735377.27 clean=0
devel/grok-build-test,memeic host=localhost/6 time=16849.17 size=2729413 ts=1786646455.87 clean=7
devel/grok-build-test,memeic host=localhost/6 time=15062.84 size=2733686 ts=1786517743.83 clean=7
devel/grok-build-test host=localhost/6 time=14894.35 size=2623440 ts=1786298699.54 clean=7
devel/grok-build-test,memeic host=localhost/6 time=15095.98 size=2718169 ts=1786735377.27 clean=0
devel/grok-build-test,memeic host=localhost/6 time=16849.17 size=2729413 ts=1786646455.87 clean=7
devel/grok-build-test,memeic host=localhost/6 time=15062.84 size=2733686 ts=1786517743.83 clean=7
grok-build-test-1.0.8 7394
grok-build-test-memeic-1.0.8 7015
grok-build-1.0.8 6923
grok-build-memeic-1.0.8 6813
grok-build-test-1.0.13 11727
grok-build-test-memeic-1.0.13 14879
